// Jest Snapshot v1, https://goo.gl/fbAQLP

exports[`LocationInputComponent Test render correctly 1`] = `
Array [
  <div>
    <label>
      <b>
        Starting Location
      </b>
    </label>
    <br />
    <input
      id="start"
      name="start"
      onChange={[Function]}
      placeholder="Enter Start Location"
      required={true}
      type="text"
      value="delhi"
    />
    <button
      onClick={[Function]}
      style={
        Object {
          "margin": "5px",
        }
      }
    >
      <i
        className="fa fa-times"
      />
      X
    </button>
  </div>,
  <div>
    <label>
      <b>
        Drop-off point
      </b>
    </label>
    <br />
    <input
      id="drop"
      name="drop"
      onChange={[Function]}
      placeholder="Enter Drop Location"
      required={true}
      type="text"
      value="agra"
    />
    <button
      onClick={[Function]}
      style={
        Object {
          "margin": "5px",
        }
      }
    >
      <i
        className="fa fa-times"
      />
      X
    </button>
  </div>,
  <div>
    <p>
      Total Distance: 
      20000
    </p>
    <p>
      Total Time: 
      1800
    </p>
  </div>,
  <div
    className="margin-top-16"
  >
    <button
      className="btn btn-primary"
      disabled={false}
      onClick={[Function]}
      style={
        Object {
          "marginRight": 10,
        }
      }
      type="button"
    >
      Re-Submit
    </button>
    <button
      className="btn btn-dark"
      onClick={[Function]}
      type="button"
    >
      Reset
    </button>
  </div>,
]
`;
