// Jest Snapshot v1, https://goo.gl/fbAQLP

exports[`Main Test render correctly 1`] = `
Array [
  <div>
    <label>
      <b>
        Starting Location
      </b>
    </label>
    <br />
    <input
      id="start"
      name="start"
      onChange={[Function]}
      placeholder="Enter Start Location"
      required={true}
      type="text"
      value=""
    />
    
  </div>,
  <div>
    <label>
      <b>
        Drop-off point
      </b>
    </label>
    <br />
    <input
      id="drop"
      name="drop"
      onChange={[Function]}
      placeholder="Enter Drop Location"
      required={true}
      type="text"
      value=""
    />
    
  </div>,
  "",
  <div
    className="margin-top-16"
  >
    <button
      className="btn btn-primary"
      disabled={true}
      onClick={[Function]}
      style={
        Object {
          "marginRight": 10,
        }
      }
      type="button"
    >
      Submit
    </button>
    <button
      className="btn btn-dark"
      onClick={[Function]}
      type="button"
    >
      Reset
    </button>
  </div>,
]
`;
